INFO:    gocryptfs not found, will not be able to use gocryptfs
2026/09/28 23:22:51 maxprocs: Leaving GOMAXPROCS=33: CPU quota undefined
Set runtime dir at /run/milvus failed, set it to /tmp/milvus directory

    __  _________ _   ____  ______    
   /  |/  /  _/ /| | / / / / / __/    
  / /|_/ // // /_| |/ / /_/ /\ \    
 /_/  /_/___/____/___/\____/___/     

Welcome to use Milvus!
Version:   v2.3.10
Built:     Sat Feb 24 02:05:45 UTC 2024
GitCommit: 2f4a13a7
GoVersion: go version go1.20.7 linux/amd64

TotalMem: 810725556224
UsedMem: 18874368

open pid file: /tmp/milvus/standalone.pid
lock pid file: /tmp/milvus/standalone.pid
[2026/09/28 23:22:51.994 +08:00] [INFO] [roles/roles.go:306] ["starting running Milvus components"]
[2026/09/28 23:22:51.996 +08:00] [INFO] [roles/roles.go:169] ["Enable Jemalloc"] ["Jemalloc Path"=/milvus/lib/libjemalloc.so]
[2026/09/28 23:22:51.999 +08:00] [INFO] [config/refresher.go:66] ["start refreshing configurations"] [source=FileSource]
[2026/09/28 23:22:51.999 +08:00] [DEBUG] [config/etcd_source.go:49] ["init etcd source"] [etcdInfo="{\"UseEmbed\":false,\"UseSSL\":false,\"Endpoints\":[\"localhost:2379\"],\"KeyPrefix\":\"by-dev\",\"CertFile\":\"\",\"KeyFile\":\"\",\"CaCertFile\":\"\",\"MinVersion\":\"1.3\",\"RefreshInterval\":5000000000}"]
[2026/09/28 23:22:51.999 +08:00] [INFO] [etcd/etcd_util.go:47] ["create etcd client"] [useEmbedEtcd=false] [useSSL=false] [endpoints="[localhost:2379]"] [minVersion=1.3]
[2026/09/28 23:22:52.001 +08:00] [DEBUG] [config/etcd_source.go:85] ["etcd refreshConfigurations"] [prefix=by-dev/config] [endpoints="[localhost:2379]"]
{"level":"warn","ts":"2026-09-28T23:22:55.001+0800","logger":"etcd-client","caller":"v3@v3.5.5/retry_interceptor.go:62","msg":"retrying of unary invoker failed","target":"etcd-endpoints://0xc00021e1c0/localhost:2379","attempt":0,"error":"rpc error: code = DeadlineExceeded desc = latest balancer error: last connection error: connection error: desc = \"transport: Error while dialing: dial tcp [::1]:2379: connect: connection refused\""}
[2026/09/28 23:22:55.002 +08:00] [ERROR] [config/manager.go:236] ["Get configuration by items failed"] [error="context deadline exceeded"] [stack="github.com/milvus-io/milvus/pkg/config.(*Manager).pullSourceConfigs\n\t/go/src/github.com/milvus-io/milvus/pkg/config/manager.go:236\ngithub.com/milvus-io/milvus/pkg/config.(*Manager).AddSource\n\t/go/src/github.com/milvus-io/milvus/pkg/config/manager.go:179\ngithub.com/milvus-io/milvus/pkg/util/paramtable.(*BaseTable).initConfigsFromRemote\n\t/go/src/github.com/milvus-io/milvus/pkg/util/paramtable/base_table.go:195\ngithub.com/milvus-io/milvus/pkg/util/paramtable.(*BaseTable).init\n\t/go/src/github.com/milvus-io/milvus/pkg/util/paramtable/base_table.go:148\ngithub.com/milvus-io/milvus/pkg/util/paramtable.NewBaseTable\n\t/go/src/github.com/milvus-io/milvus/pkg/util/paramtable/base_table.go:123\ngithub.com/milvus-io/milvus/pkg/util/paramtable.Init.func1\n\t/go/src/github.com/milvus-io/milvus/pkg/util/paramtable/runtime.go:35\nsync.(*Once).doSlow\n\t/usr/local/go/src/sync/once.go:74\nsync.(*Once).Do\n\t/usr/local/go/src/sync/once.go:65\ngithub.com/milvus-io/milvus/pkg/util/paramtable.Init\n\t/go/src/github.com/milvus-io/milvus/pkg/util/paramtable/runtime.go:34\ngithub.com/milvus-io/milvus/cmd/roles.(*MilvusRoles).Run\n\t/go/src/github.com/milvus-io/milvus/cmd/roles/roles.go:322\ngithub.com/milvus-io/milvus/cmd/milvus.(*run).execute\n\t/go/src/github.com/milvus-io/milvus/cmd/milvus/run.go:47\ngithub.com/milvus-io/milvus/cmd/milvus.RunMilvus\n\t/go/src/github.com/milvus-io/milvus/cmd/milvus/milvus.go:60\nmain.main\n\t/go/src/github.com/milvus-io/milvus/cmd/main.go:95\nruntime.main\n\t/usr/local/go/src/runtime/proc.go:250"]
[2026/09/28 23:22:55.004 +08:00] [INFO] [paramtable/hook_config.go:21] ["hook config"] [hook={}]
[2026/09/28 23:22:55.004 +08:00] [INFO] [config/refresher.go:66] ["start refreshing configurations"] [source=FileSource]
[2026/09/28 23:22:55.006 +08:00] [INFO] [roles/roles.go:255] [setupPrometheusHTTPServer]
[2026/09/28 23:22:55.006 +08:00] [INFO] [http/server.go:112] ["management listen"] [addr=:9091]
[2026/09/28 23:22:55.008 +08:00] [INFO] [rootcoord/root_coord.go:156] ["update rootcoord state"] [state=Abnormal]
[2026/09/28 23:22:55.008 +08:00] [DEBUG] [rootcoord/service.go:176] ["init params done.."]
[2026/09/28 23:22:55.008 +08:00] [INFO] [etcd/etcd_util.go:47] ["create etcd client"] [useEmbedEtcd=false] [useSSL=false] [endpoints="[localhost:2379]"] [minVersion=1.3]
[2026/09/28 23:22:55.009 +08:00] [DEBUG] [rootcoord/service.go:193] ["etcd connect done ..."]
[2026/09/28 23:22:55.009 +08:00] [DEBUG] [rootcoord/service.go:253] ["start grpc "] [port=19530]
[2026/09/28 23:22:55.010 +08:00] [INFO] [etcd/etcd_util.go:47] ["create etcd client"] [useEmbedEtcd=false] [useSSL=false] [endpoints="[localhost:2379]"] [minVersion=1.3]
[2026/09/28 23:22:55.010 +08:00] [INFO] [components/index_coord.go:38] ["IndexCoord running ..."]
[2026/09/28 23:22:55.011 +08:00] [INFO] [etcd/etcd_util.go:47] ["create etcd client"] [useEmbedEtcd=false] [useSSL=false] [endpoints="[localhost:2379]"] [minVersion=1.3]
[2026/09/28 23:22:55.011 +08:00] [WARN] [querynode/service.go:97] ["QueryNode get available port when init"] [Port=39509]
[2026/09/28 23:22:55.012 +08:00] [DEBUG] [querynode/service.go:100] [QueryNode] [port=39509]
[2026/09/28 23:22:55.012 +08:00] [INFO] [etcd/etcd_util.go:47] ["create etcd client"] [useEmbedEtcd=false] [useSSL=false] [endpoints="[localhost:2379]"] [minVersion=1.3]
[2026/09/28 23:22:55.012 +08:00] [DEBUG] [querynode/service.go:117] ["QueryNode connect to etcd successfully"]
[2026/09/28 23:22:55.013 +08:00] [DEBUG] [querycoord/service.go:215] [network] [port=19530]
[2026/09/28 23:22:55.013 +08:00] [DEBUG] [querycoord/service.go:218] ["GrpcServer:failed to listen:"] [error="listen tcp :19530: bind: address already in use"]
[2026/09/28 23:22:55.013 +08:00] [ERROR] [components/query_coord.go:56] ["QueryCoord starts error"] [error="listen tcp :19530: bind: address already in use"] [stack="github.com/milvus-io/milvus/cmd/components.(*QueryCoord).Run\n\t/go/src/github.com/milvus-io/milvus/cmd/components/query_coord.go:56\ngithub.com/milvus-io/milvus/cmd/roles.runComponent[...].func1\n\t/go/src/github.com/milvus-io/milvus/cmd/roles/roles.go:115"]
panic: listen tcp :19530: bind: address already in use

goroutine 60 [running]:
panic({0x4c54760, 0xc00013f360})
	/usr/local/go/src/runtime/panic.go:987 +0x3bb fp=0xc0005fff58 sp=0xc0005ffe98 pc=0x1a99cdb
github.com/milvus-io/milvus/cmd/roles.runComponent[...].func1()
	/go/src/github.com/milvus-io/milvus/cmd/roles/roles.go:116 +0x186 fp=0xc0005fffe0 sp=0xc0005fff58 pc=0x464dbc6
runtime.goexit()
	/usr/local/go/src/runtime/asm_amd64.s:1598 +0x1 fp=0xc0005fffe8 sp=0xc0005fffe0 pc=0x1ad3b21
created by github.com/milvus-io/milvus/cmd/roles.runComponent[...]
	/go/src/github.com/milvus-io/milvus/cmd/roles/roles.go:102 +0x158

goroutine 1 [chan receive]:
runtime.gopark(0xc0005bd6b8?, 0x1a6ca0a?, 0x0?, 0xe5?, 0xc0005bd6d0?)
	/usr/local/go/src/runtime/proc.go:381 +0xd6 fp=0xc0005bd650 sp=0xc0005bd630 pc=0x1a9d256
runtime.chanrecv(0xc00077c420, 0x0, 0x1)
	/usr/local/go/src/runtime/chan.go:583 +0x49d fp=0xc0005bd6e0 sp=0xc0005bd650 pc=0x1a655fd
runtime.chanrecv1(0x0?, 0x0?)
	/usr/local/go/src/runtime/chan.go:442 +0x18 fp=0xc0005bd708 sp=0xc0005bd6e0 pc=0x1a650f8
github.com/milvus-io/milvus/cmd/roles.runComponent[...]({0x56e8cd0, 0xc000f16960?}, 0x1, 0xc0014478f0, 0x5271880, 0x5272780)
	/go/src/github.com/milvus-io/milvus/cmd/roles/roles.go:121 +0x165 fp=0xc0005bd778 sp=0xc0005bd708 pc=0x464dde5
github.com/milvus-io/milvus/cmd/roles.(*MilvusRoles).runIndexNode(0xc00132d910?, {0x56e8cd0, 0xc000f16960}, 0x5?, 0xa?)
	/go/src/github.com/milvus-io/milvus/cmd/roles/roles.go:224 +0xc5 fp=0xc0005bd7f0 sp=0xc0005bd778 pc=0x464bb05
github.com/milvus-io/milvus/cmd/roles.(*MilvusRoles).Run(0xc000f24500)
	/go/src/github.com/milvus-io/milvus/cmd/roles/roles.go:377 +0x8f1 fp=0xc0005bdc70 sp=0xc0005bd7f0 pc=0x464ceb1
github.com/milvus-io/milvus/cmd/milvus.(*run).execute(0x10?, {0xc00019a150?, 0x3, 0x3}, 0xc0003f4ba0)
	/go/src/github.com/milvus-io/milvus/cmd/milvus/run.go:47 +0x2e5 fp=0xc0005bdd40 sp=0xc0005bdc70 pc=0x4657e25
github.com/milvus-io/milvus/cmd/milvus.RunMilvus({0xc00019a150?, 0x3, 0x3})
	/go/src/github.com/milvus-io/milvus/cmd/milvus/milvus.go:60 +0x20e fp=0xc0005bddb8 sp=0xc0005bdd40 pc=0x4657aae
main.main()
	/go/src/github.com/milvus-io/milvus/cmd/main.go:95 +0x3e5 fp=0xc0005bdf80 sp=0xc0005bddb8 pc=0x465c7c5
runtime.main()
	/usr/local/go/src/runtime/proc.go:250 +0x207 fp=0xc0005bdfe0 sp=0xc0005bdf80 pc=0x1a9ce27
runtime.goexit()
	/usr/local/go/src/runtime/asm_amd64.s:1598 +0x1 fp=0xc0005bdfe8 sp=0xc0005bdfe0 pc=0x1ad3b21

goroutine 2 [force gc (idle)]:
runtime.gopark(0x0?, 0x0?, 0x0?, 0x0?, 0x0?)
	/usr/local/go/src/runtime/proc.go:381 +0xd6 fp=0xc0000ccfb0 sp=0xc0000ccf90 pc=0x1a9d256
runtime.goparkunlock(...)
	/usr/local/go/src/runtime/proc.go:387
runtime.forcegchelper()
	/usr/local/go/src/runtime/proc.go:305 +0xb0 fp=0xc0000ccfe0 sp=0xc0000ccfb0 pc=0x1a9d090
runtime.goexit()
	/usr/local/go/src/runtime/asm_amd64.s:1598 +0x1 fp=0xc0000ccfe8 sp=0xc0000ccfe0 pc=0x1ad3b21
created by runtime.init.6
	/usr/local/go/src/runtime/proc.go:293 +0x25

goroutine 3 [GC sweep wait]:
runtime.gopark(0x1?, 0x0?, 0x0?, 0x0?, 0x0?)
	/usr/local/go/src/runtime/proc.go:381 +0xd6 fp=0xc0000cd780 sp=0xc0000cd760 pc=0x1a9d256
runtime.goparkunlock(...)
	/usr/local/go/src/runtime/proc.go:387
runtime.bgsweep(0x0?)
	/usr/local/go/src/runtime/mgcsweep.go:319 +0xde fp=0xc0000cd7c8 sp=0xc0000cd780 pc=0x1a8591e
runtime.gcenable.func1()
	/usr/local/go/src/runtime/mgc.go:178 +0x26 fp=0xc0000cd7e0 sp=0xc0000cd7c8 pc=0x1a7a9e6
runtime.goexit()
	/usr/local/go/src/runtime/asm_amd64.s:1598 +0x1 fp=0xc0000cd7e8 sp=0xc0000cd7e0 pc=0x1ad3b21
created by runtime.gcenable
	/usr/local/go/src/runtime/mgc.go:178 +0x6b

goroutine 4 [GC scavenge wait]:
runtime.gopark(0xc0000f6000?, 0x569baf0?, 0x0?, 0x0?, 0x0?)
	/usr/local/go/src/runtime/proc.go:381 +0xd6 fp=0xc0000cdf70 sp=0xc0000cdf50 pc=0x1a9d256
runtime.goparkunlock(...)
	/usr/local/go/src/runtime/proc.go:387
runtime.(*scavengerState).park(0x75f4080)
	/usr/local/go/src/runtime/mgcscavenge.go:400 +0x53 fp=0xc0000cdfa0 sp=0xc0000cdf70 pc=0x1a83753
runtime.bgscavenge(0x0?)
	/usr/local/go/src/runtime/mgcscavenge.go:633 +0x65 fp=0xc0000cdfc8 sp=0xc0000cdfa0 pc=0x1a83d65
runtime.gcenable.func2()
	/usr/local/go/src/runtime/mgc.go:179 +0x26 fp=0xc0000cdfe0 sp=0xc0000cdfc8 pc=0x1a7a986
runtime.goexit()
	/usr/local/go/src/runtime/asm_amd64.s:1598 +0x1 fp=0xc0000cdfe8 sp=0xc0000cdfe0 pc=0x1ad3b21
created by runtime.gcenable
	/usr/local/go/src/runtime/mgc.go:179 +0xaa

goroutine 18 [finalizer wait]:
runtime.gopark(0x0?, 0x5275c28?, 0x40?, 0xc3?, 0x2000000020?)
	/usr/local/go/src/runtime/proc.go:381 +0xd6 fp=0xc0000cc628 sp=0xc0000cc608 pc=0x1a9d256
runtime.runfinq()
	/usr/local/go/src/runtime/mfinal.go:193 +0x107 fp=0xc0000cc7e0 sp=0xc0000cc628 pc=0x1a799a7
runtime.goexit()
	/usr/local/go/src/runtime/asm_amd64.s:1598 +0x1 fp=0xc0000cc7e8 sp=0xc0000cc7e0 pc=0x1ad3b21
created by runtime.createfing
	/usr/local/go/src/runtime/mfinal.go:163 +0x45

goroutine 5 [GC worker (idle)]:
runtime.gopark(0x0?, 0x0?, 0x0?, 0x0?, 0x0?)
	/usr/local/go/src/runtime/proc.go:381 +0xd6 fp=0xc0000ce750 sp=0xc0000ce730 pc=0x1a9d256
runtime.gcBgMarkWorker()
	/usr/local/go/src/runtime/mgc.go:1275 +0xf1 fp=0xc0000ce7e0 sp=0xc0000ce750 pc=0x1a7c751
runtime.goexit()
	/usr/local/go/src/runtime/asm_amd64.s:1598 +0x1 fp=0xc0000ce7e8 sp=0xc0000ce7e0 pc=0x1ad3b21
created by runtime.gcBgMarkStartWorkers
	/usr/local/go/src/runtime/mgc.go:1199 +0x25

goroutine 19 [GC worker (idle)]:
runtime.gopark(0x0?, 0x0?, 0x0?, 0x0?, 0x0?)
	/usr/local/go/src/runtime/proc.go:381 +0xd6 fp=0xc0000c8750 sp=0xc0000c8730 pc=0x1a9d256
runtime.gcBgMarkWorker()
	/usr/local/go/src/runtime/mgc.go:1275 +0xf1 fp=0xc0000c87e0 sp=0xc0000c8750 pc=0x1a7c751
runtime.goexit()
	/usr/local/go/src/runtime/asm_amd64.s:1598 +0x1 fp=0xc0000c87e8 sp=0xc0000c87e0 pc=0x1ad3b21
created by runtime.gcBgMarkStartWorkers
	/usr/local/go/src/runtime/mgc.go:1199 +0x25

goroutine 20 [GC worker (idle)]:
runtime.gopark(0x0?, 0x0?, 0x0?, 0x0?, 0x0?)
	/usr/local/go/src/runtime/proc.go:381 +0xd6 fp=0xc0000c8f50 sp=0xc0000c8f30 pc=0x1a9d256
runtime.gcBgMarkWorker()
	/usr/local/go/src/runtime/mgc.go:1275 +0xf1 fp=0xc0000c8fe0 sp=0xc0000c8f50 pc=0x1a7c751
runtime.goexit()
	/usr/local/go/src/runtime/asm_amd64.s:1598 +0x1 fp=0xc0000c8fe8 sp=0xc0000c8fe0 pc=0x1ad3b21
created by runtime.gcBgMarkStartWorkers
	/usr/local/go/src/runtime/mgc.go:1199 +0x25

goroutine 34 [GC worker (idle)]:
runtime.gopark(0x0?, 0x0?, 0x0?, 0x0?, 0x0?)
	/usr/local/go/src/runtime/proc.go:381 +0xd6 fp=0xc000114750 sp=0xc000114730 pc=0x1a9d256
runtime.gcBgMarkWorker()
	/usr/local/go/src/runtime/mgc.go:1275 +0xf1 fp=0xc0001147e0 sp=0xc000114750 pc=0x1a7c751
runtime.goexit()
	/usr/local/go/src/runtime/asm_amd64.s:1598 +0x1 fp=0xc0001147e8 sp=0xc0001147e0 pc=0x1ad3b21
created by runtime.gcBgMarkStartWorkers
	/usr/local/go/src/runtime/mgc.go:1199 +0x25

goroutine 35 [GC worker (idle)]:
runtime.gopark(0x0?, 0x0?, 0x0?, 0x0?, 0x0?)
	/usr/local/go/src/runtime/proc.go:381 +0xd6 fp=0xc000114f50 sp=0xc000114f30 pc=0x1a9d256
runtime.gcBgMarkWorker()
	/usr/local/go/src/runtime/mgc.go:1275 +0xf1 fp=0xc000114fe0 sp=0xc000114f50 pc=0x1a7c751
runtime.goexit()
	/usr/local/go/src/runtime/asm_amd64.s:1598 +0x1 fp=0xc000114fe8 sp=0xc000114fe0 pc=0x1ad3b21
created by runtime.gcBgMarkStartWorkers
	/usr/local/go/src/runtime/mgc.go:1199 +0x25

goroutine 6 [GC worker (idle)]:
runtime.gopark(0x0?, 0x0?, 0x0?, 0x0?, 0x0?)
	/usr/local/go/src/runtime/proc.go:381 +0xd6 fp=0xc0000cef50 sp=0xc0000cef30 pc=0x1a9d256
runtime.gcBgMarkWorker()
	/usr/local/go/src/runtime/mgc.go:1275 +0xf1 fp=0xc0000cefe0 sp=0xc0000cef50 pc=0x1a7c751
runtime.goexit()
	/usr/local/go/src/runtime/asm_amd64.s:1598 +0x1 fp=0xc0000cefe8 sp=0xc0000cefe0 pc=0x1ad3b21
created by runtime.gcBgMarkStartWorkers
	/usr/local/go/src/runtime/mgc.go:1199 +0x25

goroutine 7 [GC worker (idle)]:
runtime.gopark(0x0?, 0x0?, 0x0?, 0x0?, 0x0?)
	/usr/local/go/src/runtime/proc.go:381 +0xd6 fp=0xc0000cf750 sp=0xc0000cf730 pc=0x1a9d256
runtime.gcBgMarkWorker()
	/usr/local/go/src/runtime/mgc.go:1275 +0xf1 fp=0xc0000cf7e0 sp=0xc0000cf750 pc=0x1a7c751
runtime.goexit()
	/usr/local/go/src/runtime/asm_amd64.s:1598 +0x1 fp=0xc0000cf7e8 sp=0xc0000cf7e0 pc=0x1ad3b21
created by runtime.gcBgMarkStartWorkers
	/usr/local/go/src/runtime/mgc.go:1199 +0x25

goroutine 21 [GC worker (idle)]:
runtime.gopark(0x0?, 0x0?, 0x0?, 0x0?, 0x0?)
	/usr/local/go/src/runtime/proc.go:381 +0xd6 fp=0xc0000c9750 sp=0xc0000c9730 pc=0x1a9d256
runtime.gcBgMarkWorker()
	/usr/local/go/src/runtime/mgc.go:1275 +0xf1 fp=0xc0000c97e0 sp=0xc0000c9750 pc=0x1a7c751
runtime.goexit()
	/usr/local/go/src/runtime/asm_amd64.s:1598 +0x1 fp=0xc0000c97e8 sp=0xc0000c97e0 pc=0x1ad3b21
created by runtime.gcBgMarkStartWorkers
	/usr/local/go/src/runtime/mgc.go:1199 +0x25

goroutine 36 [GC worker (idle)]:
runtime.gopark(0x0?, 0x0?, 0x0?, 0x0?, 0x0?)
	/usr/local/go/src/runtime/proc.go:381 +0xd6 fp=0xc000115750 sp=0xc000115730 pc=0x1a9d256
runtime.gcBgMarkWorker()
	/usr/local/go/src/runtime/mgc.go:1275 +0xf1 fp=0xc0001157e0 sp=0xc000115750 pc=0x1a7c751
runtime.goexit()
	/usr/local/go/src/runtime/asm_amd64.s:1598 +0x1 fp=0xc0001157e8 sp=0xc0001157e0 pc=0x1ad3b21
created by runtime.gcBgMarkStartWorkers
	/usr/local/go/src/runtime/mgc.go:1199 +0x25

goroutine 22 [GC worker (idle)]:
runtime.gopark(0x0?, 0x0?, 0x0?, 0x0?, 0x0?)
	/usr/local/go/src/runtime/proc.go:381 +0xd6 fp=0xc0000c9f50 sp=0xc0000c9f30 pc=0x1a9d256
runtime.gcBgMarkWorker()
	/usr/local/go/src/runtime/mgc.go:1275 +0xf1 fp=0xc0000c9fe0 sp=0xc0000c9f50 pc=0x1a7c751
runtime.goexit()
	/usr/local/go/src/runtime/asm_amd64.s:1598 +0x1 fp=0xc0000c9fe8 sp=0xc0000c9fe0 pc=0x1ad3b21
created by runtime.gcBgMarkStartWorkers
	/usr/local/go/src/runtime/mgc.go:1199 +0x25

goroutine 8 [GC worker (idle)]:
runtime.gopark(0x0?, 0x0?, 0x0?, 0x0?, 0x0?)
	/usr/local/go/src/runtime/proc.go:381 +0xd6 fp=0xc0000cff50 sp=0xc0000cff30 pc=0x1a9d256
runtime.gcBgMarkWorker()
	/usr/local/go/src/runtime/mgc.go:1275 +0xf1 fp=0xc0000cffe0 sp=0xc0000cff50 pc=0x1a7c751
runtime.goexit()
	/usr/local/go/src/runtime/asm_amd64.s:1598 +0x1 fp=0xc0000cffe8 sp=0xc0000cffe0 pc=0x1ad3b21
created by runtime.gcBgMarkStartWorkers
	/usr/local/go/src/runtime/mgc.go:1199 +0x25

goroutine 37 [GC worker (idle)]:
runtime.gopark(0x0?, 0x0?, 0x0?, 0x0?, 0x0?)
	/usr/local/go/src/runtime/proc.go:381 +0xd6 fp=0xc000115f50 sp=0xc000115f30 pc=0x1a9d256
runtime.gcBgMarkWorker()
	/usr/local/go/src/runtime/mgc.go:1275 +0xf1 fp=0xc000115fe0 sp=0xc000115f50 pc=0x1a7c751
runtime.goexit()
	/usr/local/go/src/runtime/asm_amd64.s:1598 +0x1 fp=0xc000115fe8 sp=0xc000115fe0 pc=0x1ad3b21
created by runtime.gcBgMarkStartWorkers
	/usr/local/go/src/runtime/mgc.go:1199 +0x25

goroutine 23 [GC worker (idle)]:
runtime.gopark(0x0?, 0x0?, 0x0?, 0x0?, 0x0?)
	/usr/local/go/src/runtime/proc.go:381 +0xd6 fp=0xc0000ca750 sp=0xc0000ca730 pc=0x1a9d256
runtime.gcBgMarkWorker()
	/usr/local/go/src/runtime/mgc.go:1275 +0xf1 fp=0xc0000ca7e0 sp=0xc0000ca750 pc=0x1a7c751
runtime.goexit()
	/usr/local/go/src/runtime/asm_amd64.s:1598 +0x1 fp=0xc0000ca7e8 sp=0xc0000ca7e0 pc=0x1ad3b21
created by runtime.gcBgMarkStartWorkers
	/usr/local/go/src/runtime/mgc.go:1199 +0x25

goroutine 24 [GC worker (idle)]:
runtime.gopark(0x0?, 0x0?, 0x0?, 0x0?, 0x0?)
	/usr/local/go/src/runtime/proc.go:381 +0xd6 fp=0xc0000caf50 sp=0xc0000caf30 pc=0x1a9d256
runtime.gcBgMarkWorker()
	/usr/local/go/src/runtime/mgc.go:1275 +0xf1 fp=0xc0000cafe0 sp=0xc0000caf50 pc=0x1a7c751
runtime.goexit()
	/usr/local/go/src/runtime/asm_amd64.s:1598 +0x1 fp=0xc0000cafe8 sp=0xc0000cafe0 pc=0x1ad3b21
created by runtime.gcBgMarkStartWorkers
	/usr/local/go/src/runtime/mgc.go:1199 +0x25

goroutine 25 [GC worker (idle)]:
runtime.gopark(0x0?, 0x0?, 0x0?, 0x0?, 0x0?)
	/usr/local/go/src/runtime/proc.go:381 +0xd6 fp=0xc0000cb750 sp=0xc0000cb730 pc=0x1a9d256
runtime.gcBgMarkWorker()
	/usr/local/go/src/runtime/mgc.go:1275 +0xf1 fp=0xc0000cb7e0 sp=0xc0000cb750 pc=0x1a7c751
runtime.goexit()
	/usr/local/go/src/runtime/asm_amd64.s:1598 +0x1 fp=0xc0000cb7e8 sp=0xc0000cb7e0 pc=0x1ad3b21
created by runtime.gcBgMarkStartWorkers
	/usr/local/go/src/runtime/mgc.go:1199 +0x25

goroutine 9 [GC worker (idle)]:
runtime.gopark(0x0?, 0x0?, 0x0?, 0x0?, 0x0?)
	/usr/local/go/src/runtime/proc.go:381 +0xd6 fp=0xc000110750 sp=0xc000110730 pc=0x1a9d256
runtime.gcBgMarkWorker()
	/usr/local/go/src/runtime/mgc.go:1275 +0xf1 fp=0xc0001107e0 sp=0xc000110750 pc=0x1a7c751
runtime.goexit()
	/usr/local/go/src/runtime/asm_amd64.s:1598 +0x1 fp=0xc0001107e8 sp=0xc0001107e0 pc=0x1ad3b21
created by runtime.gcBgMarkStartWorkers
	/usr/local/go/src/runtime/mgc.go:1199 +0x25

goroutine 10 [GC worker (idle)]:
runtime.gopark(0x0?, 0x0?, 0x0?, 0x0?, 0x0?)
	/usr/local/go/src/runtime/proc.go:381 +0xd6 fp=0xc000110f50 sp=0xc000110f30 pc=0x1a9d256
runtime.gcBgMarkWorker()
	/usr/local/go/src/runtime/mgc.go:1275 +0xf1 fp=0xc000110fe0 sp=0xc000110f50 pc=0x1a7c751
runtime.goexit()
	/usr/local/go/src/runtime/asm_amd64.s:1598 +0x1 fp=0xc000110fe8 sp=0xc000110fe0 pc=0x1ad3b21
created by runtime.gcBgMarkStartWorkers
	/usr/local/go/src/runtime/mgc.go:1199 +0x25

goroutine 11 [GC worker (idle)]:
runtime.gopark(0x0?, 0x0?, 0x0?, 0x0?, 0x0?)
	/usr/local/go/src/runtime/proc.go:381 +0xd6 fp=0xc000111750 sp=0xc000111730 pc=0x1a9d256
runtime.gcBgMarkWorker()
	/usr/local/go/src/runtime/mgc.go:1275 +0xf1 fp=0xc0001117e0 sp=0xc000111750 pc=0x1a7c751
runtime.goexit()
	/usr/local/go/src/runtime/asm_amd64.s:1598 +0x1 fp=0xc0001117e8 sp=0xc0001117e0 pc=0x1ad3b21
created by runtime.gcBgMarkStartWorkers
	/usr/local/go/src/runtime/mgc.go:1199 +0x25

goroutine 26 [GC worker (idle)]:
runtime.gopark(0x0?, 0x0?, 0x0?, 0x0?, 0x0?)
	/usr/local/go/src/runtime/proc.go:381 +0xd6 fp=0xc0000cbf50 sp=0xc0000cbf30 pc=0x1a9d256
runtime.gcBgMarkWorker()
	/usr/local/go/src/runtime/mgc.go:1275 +0xf1 fp=0xc0000cbfe0 sp=0xc0000cbf50 pc=0x1a7c751
runtime.goexit()
	/usr/local/go/src/runtime/asm_amd64.s:1598 +0x1 fp=0xc0000cbfe8 sp=0xc0000cbfe0 pc=0x1ad3b21
created by runtime.gcBgMarkStartWorkers
	/usr/local/go/src/runtime/mgc.go:1199 +0x25

goroutine 38 [GC worker (idle)]:
runtime.gopark(0x0?, 0x0?, 0x0?, 0x0?, 0x0?)
	/usr/local/go/src/runtime/proc.go:381 +0xd6 fp=0xc000116750 sp=0xc000116730 pc=0x1a9d256
runtime.gcBgMarkWorker()
	/usr/local/go/src/runtime/mgc.go:1275 +0xf1 fp=0xc0001167e0 sp=0xc000116750 pc=0x1a7c751
runtime.goexit()
	/usr/local/go/src/runtime/asm_amd64.s:1598 +0x1 fp=0xc0001167e8 sp=0xc0001167e0 pc=0x1ad3b21
created by runtime.gcBgMarkStartWorkers
	/usr/local/go/src/runtime/mgc.go:1199 +0x25

goroutine 39 [GC worker (idle)]:
runtime.gopark(0x0?, 0x0?, 0x0?, 0x0?, 0x0?)
	/usr/local/go/src/runtime/proc.go:381 +0xd6 fp=0xc000116f50 sp=0xc000116f30 pc=0x1a9d256
runtime.gcBgMarkWorker()
	/usr/local/go/src/runtime/mgc.go:1275 +0xf1 fp=0xc000116fe0 sp=0xc000116f50 pc=0x1a7c751
runtime.goexit()
	/usr/local/go/src/runtime/asm_amd64.s:1598 +0x1 fp=0xc000116fe8 sp=0xc000116fe0 pc=0x1ad3b21
created by runtime.gcBgMarkStartWorkers
	/usr/local/go/src/runtime/mgc.go:1199 +0x25

goroutine 40 [GC worker (idle)]:
runtime.gopark(0xf8e0d77a18120?, 0x3?, 0x70?, 0x17?, 0x0?)
	/usr/local/go/src/runtime/proc.go:381 +0xd6 fp=0xc000117750 sp=0xc000117730 pc=0x1a9d256
runtime.gcBgMarkWorker()
	/usr/local/go/src/runtime/mgc.go:1275 +0xf1 fp=0xc0001177e0 sp=0xc000117750 pc=0x1a7c751
runtime.goexit()
	/usr/local/go/src/runtime/asm_amd64.s:1598 +0x1 fp=0xc0001177e8 sp=0xc0001177e0 pc=0x1ad3b21
created by runtime.gcBgMarkStartWorkers
	/usr/local/go/src/runtime/mgc.go:1199 +0x25

goroutine 41 [GC worker (idle)]:
runtime.gopark(0xf8e0d77a172c0?, 0x1?, 0xc4?, 0x90?, 0x0?)
	/usr/local/go/src/runtime/proc.go:381 +0xd6 fp=0xc000117f50 sp=0xc000117f30 pc=0x1a9d256
runtime.gcBgMarkWorker()
	/usr/local/go/src/runtime/mgc.go:1275 +0xf1 fp=0xc000117fe0 sp=0xc000117f50 pc=0x1a7c751
runtime.goexit()
	/usr/local/go/src/runtime/asm_amd64.s:1598 +0x1 fp=0xc000117fe8 sp=0xc000117fe0 pc=0x1ad3b21
created by runtime.gcBgMarkStartWorkers
	/usr/local/go/src/runtime/mgc.go:1199 +0x25

goroutine 42 [GC worker (idle)]:
runtime.gopark(0x7641920?, 0x1?, 0x74?, 0xa9?, 0x0?)
	/usr/local/go/src/runtime/proc.go:381 +0xd6 fp=0xc00011c750 sp=0xc00011c730 pc=0x1a9d256
runtime.gcBgMarkWorker()
	/usr/local/go/src/runtime/mgc.go:1275 +0xf1 fp=0xc00011c7e0 sp=0xc00011c750 pc=0x1a7c751
runtime.goexit()
	/usr/local/go/src/runtime/asm_amd64.s:1598 +0x1 fp=0xc00011c7e8 sp=0xc00011c7e0 pc=0x1ad3b21
created by runtime.gcBgMarkStartWorkers
	/usr/local/go/src/runtime/mgc.go:1199 +0x25

goroutine 43 [GC worker (idle)]:
runtime.gopark(0xf8e0d77a19912?, 0x3?, 0x56?, 0x2c?, 0x0?)
	/usr/local/go/src/runtime/proc.go:381 +0xd6 fp=0xc00011cf50 sp=0xc00011cf30 pc=0x1a9d256
runtime.gcBgMarkWorker()
	/usr/local/go/src/runtime/mgc.go:1275 +0xf1 fp=0xc00011cfe0 sp=0xc00011cf50 pc=0x1a7c751
runtime.goexit()
	/usr/local/go/src/runtime/asm_amd64.s:1598 +0x1 fp=0xc00011cfe8 sp=0xc00011cfe0 pc=0x1ad3b21
created by runtime.gcBgMarkStartWorkers
	/usr/local/go/src/runtime/mgc.go:1199 +0x25

goroutine 27 [GC worker (idle)]:
runtime.gopark(0x7641920?, 0x1?, 0xb3?, 0x9f?, 0x0?)
	/usr/local/go/src/runtime/proc.go:381 +0xd6 fp=0xc000118750 sp=0xc000118730 pc=0x1a9d256
runtime.gcBgMarkWorker()
	/usr/local/go/src/runtime/mgc.go:1275 +0xf1 fp=0xc0001187e0 sp=0xc000118750 pc=0x1a7c751
runtime.goexit()
	/usr/local/go/src/runtime/asm_amd64.s:1598 +0x1 fp=0xc0001187e8 sp=0xc0001187e0 pc=0x1ad3b21
created by runtime.gcBgMarkStartWorkers
	/usr/local/go/src/runtime/mgc.go:1199 +0x25

goroutine 12 [GC worker (idle)]:
runtime.gopark(0xf8e0d77a19188?, 0x3?, 0x0?, 0x7d?, 0x0?)
	/usr/local/go/src/runtime/proc.go:381 +0xd6 fp=0xc000111f50 sp=0xc000111f30 pc=0x1a9d256
runtime.gcBgMarkWorker()
	/usr/local/go/src/runtime/mgc.go:1275 +0xf1 fp=0xc000111fe0 sp=0xc000111f50 pc=0x1a7c751
runtime.goexit()
	/usr/local/go/src/runtime/asm_amd64.s:1598 +0x1 fp=0xc000111fe8 sp=0xc000111fe0 pc=0x1ad3b21
created by runtime.gcBgMarkStartWorkers
	/usr/local/go/src/runtime/mgc.go:1199 +0x25

goroutine 28 [GC worker (idle)]:
runtime.gopark(0xf8e0d77a197fa?, 0x1?, 0x3b?, 0x72?, 0x0?)
	/usr/local/go/src/runtime/proc.go:381 +0xd6 fp=0xc000118f50 sp=0xc000118f30 pc=0x1a9d256
runtime.gcBgMarkWorker()
	/usr/local/go/src/runtime/mgc.go:1275 +0xf1 fp=0xc000118fe0 sp=0xc000118f50 pc=0x1a7c751
runtime.goexit()
	/usr/local/go/src/runtime/asm_amd64.s:1598 +0x1 fp=0xc000118fe8 sp=0xc000118fe0 pc=0x1ad3b21
created by runtime.gcBgMarkStartWorkers
	/usr/local/go/src/runtime/mgc.go:1199 +0x25

goroutine 44 [GC worker (idle)]:
runtime.gopark(0xf8e0d77a181ac?, 0x1?, 0xa?, 0x2?, 0x0?)
	/usr/local/go/src/runtime/proc.go:381 +0xd6 fp=0xc00011d750 sp=0xc00011d730 pc=0x1a9d256
runtime.gcBgMarkWorker()
	/usr/local/go/src/runtime/mgc.go:1275 +0xf1 fp=0xc00011d7e0 sp=0xc00011d750 pc=0x1a7c751
runtime.goexit()
	/usr/local/go/src/runtime/asm_amd64.s:1598 +0x1 fp=0xc00011d7e8 sp=0xc00011d7e0 pc=0x1ad3b21
created by runtime.gcBgMarkStartWorkers
	/usr/local/go/src/runtime/mgc.go:1199 +0x25

goroutine 45 [GC worker (idle)]:
runtime.gopark(0x7641920?, 0x1?, 0x24?, 0x59?, 0x0?)
	/usr/local/go/src/runtime/proc.go:381 +0xd6 fp=0xc00011df50 sp=0xc00011df30 pc=0x1a9d256
runtime.gcBgMarkWorker()
	/usr/local/go/src/runtime/mgc.go:1275 +0xf1 fp=0xc00011dfe0 sp=0xc00011df50 pc=0x1a7c751
runtime.goexit()
	/usr/local/go/src/runtime/asm_amd64.s:1598 +0x1 fp=0xc00011dfe8 sp=0xc00011dfe0 pc=0x1ad3b21
created by runtime.gcBgMarkStartWorkers
	/usr/local/go/src/runtime/mgc.go:1199 +0x25

goroutine 13 [GC worker (idle)]:
runtime.gopark(0xf8e0d77a14f48?, 0x1?, 0x8a?, 0x7a?, 0x0?)
	/usr/local/go/src/runtime/proc.go:381 +0xd6 fp=0xc000112750 sp=0xc000112730 pc=0x1a9d256
runtime.gcBgMarkWorker()
	/usr/local/go/src/runtime/mgc.go:1275 +0xf1 fp=0xc0001127e0 sp=0xc000112750 pc=0x1a7c751
runtime.goexit()
	/usr/local/go/src/runtime/asm_amd64.s:1598 +0x1 fp=0xc0001127e8 sp=0xc0001127e0 pc=0x1ad3b21
created by runtime.gcBgMarkStartWorkers
	/usr/local/go/src/runtime/mgc.go:1199 +0x25

goroutine 50 [GC worker (idle)]:
runtime.gopark(0xf8e0d77a1493a?, 0x1?, 0x96?, 0x5f?, 0x0?)
	/usr/local/go/src/runtime/proc.go:381 +0xd6 fp=0xc000566750 sp=0xc000566730 pc=0x1a9d256
runtime.gcBgMarkWorker()
	/usr/local/go/src/runtime/mgc.go:1275 +0xf1 fp=0xc0005667e0 sp=0xc000566750 pc=0x1a7c751
runtime.goexit()
	/usr/local/go/src/runtime/asm_amd64.s:1598 +0x1 fp=0xc0005667e8 sp=0xc0005667e0 pc=0x1ad3b21
created by runtime.gcBgMarkStartWorkers
	/usr/local/go/src/runtime/mgc.go:1199 +0x25

goroutine 51 [GC worker (idle)]:
runtime.gopark(0xf8e0d77a17202?, 0x3?, 0x88?, 0x4?, 0x0?)
	/usr/local/go/src/runtime/proc.go:381 +0xd6 fp=0xc000566f50 sp=0xc000566f30 pc=0x1a9d256
runtime.gcBgMarkWorker()
	/usr/local/go/src/runtime/mgc.go:1275 +0xf1 fp=0xc000566fe0 sp=0xc000566f50 pc=0x1a7c751
runtime.goexit()
	/usr/local/go/src/runtime/asm_amd64.s:1598 +0x1 fp=0xc000566fe8 sp=0xc000566fe0 pc=0x1ad3b21
created by runtime.gcBgMarkStartWorkers
	/usr/local/go/src/runtime/mgc.go:1199 +0x25

goroutine 205 [select]:
runtime.gopark(0xc0000dde78?, 0x2?, 0x0?, 0x0?, 0xc0000dde34?)
	/usr/local/go/src/runtime/proc.go:381 +0xd6 fp=0xc0000ddcb8 sp=0xc0000ddc98 pc=0x1a9d256
runtime.selectgo(0xc0000dde78, 0xc0000dde30, 0xc0004443c0?, 0x0, 0x0?, 0x1)
	/usr/local/go/src/runtime/select.go:327 +0x7be fp=0xc0000dddf8 sp=0xc0000ddcb8 pc=0x1aadd7e
github.com/milvus-io/milvus/pkg/config.(*refresher).refreshPeriodically(0xc0003f5440, {0x511eb79, 0xa})
	/go/src/github.com/milvus-io/milvus/pkg/config/refresher.go:68 +0x1fd fp=0xc0000ddfb8 sp=0xc0000dddf8 pc=0x27b5bfd
github.com/milvus-io/milvus/pkg/config.(*refresher).start.func1.1()
	/go/src/github.com/milvus-io/milvus/pkg/config/refresher.go:50 +0x2e fp=0xc0000ddfe0 sp=0xc0000ddfb8 pc=0x27b58ee
runtime.goexit()
	/usr/local/go/src/runtime/asm_amd64.s:1598 +0x1 fp=0xc0000ddfe8 sp=0xc0000ddfe0 pc=0x1ad3b21
created by github.com/milvus-io/milvus/pkg/config.(*refresher).start.func1
	/go/src/github.com/milvus-io/milvus/pkg/config/refresher.go:50 +0xae

goroutine 204 [select]:
runtime.gopark(0xc000568f68?, 0x2?, 0x0?, 0x0?, 0xc000568f14?)
	/usr/local/go/src/runtime/proc.go:381 +0xd6 fp=0xc000568d98 sp=0xc000568d78 pc=0x1a9d256
runtime.selectgo(0xc000568f68, 0xc000568f10, 0xc0001aa1e0?, 0x0, 0xc000568f48?, 0x1)
	/usr/local/go/src/runtime/select.go:327 +0x7be fp=0xc000568ed8 sp=0xc000568d98 pc=0x1aadd7e
github.com/milvus-io/milvus/cmd/roles.(*MilvusRoles).handleSignals.func1()
	/go/src/github.com/milvus-io/milvus/cmd/roles/roles.go:280 +0xf0 fp=0xc000568fe0 sp=0xc000568ed8 pc=0x464c310
runtime.goexit()
	/usr/local/go/src/runtime/asm_amd64.s:1598 +0x1 fp=0xc000568fe8 sp=0xc000568fe0 pc=0x1ad3b21
created by github.com/milvus-io/milvus/cmd/roles.(*MilvusRoles).handleSignals
	/go/src/github.com/milvus-io/milvus/cmd/roles/roles.go:277 +0x165

goroutine 178 [select]:
runtime.gopark(0xc00011e780?, 0x2?, 0x68?, 0xcb?, 0xc00011e754?)
	/usr/local/go/src/runtime/proc.go:381 +0xd6 fp=0xc00011e5c0 sp=0xc00011e5a0 pc=0x1a9d256
runtime.selectgo(0xc00011e780, 0xc00011e750, 0x0?, 0x0, 0x0?, 0x1)
	/usr/local/go/src/runtime/select.go:327 +0x7be fp=0xc00011e700 sp=0xc00011e5c0 pc=0x1aadd7e
github.com/panjf2000/ants/v2.(*Pool).purgeStaleWorkers(0xc000519400, {0x56e8cd0, 0xc00013e690})
	/go/pkg/mod/github.com/panjf2000/ants/v2@v2.7.2/pool.go:83 +0x10a fp=0xc00011e7b8 sp=0xc00011e700 pc=0x34b746a
github.com/panjf2000/ants/v2.(*Pool).goPurge.func1()
	/go/pkg/mod/github.com/panjf2000/ants/v2@v2.7.2/pool.go:147 +0x2e fp=0xc00011e7e0 sp=0xc00011e7b8 pc=0x34b7a6e
runtime.goexit()
	/usr/local/go/src/runtime/asm_amd64.s:1598 +0x1 fp=0xc00011e7e8 sp=0xc00011e7e0 pc=0x1ad3b21
created by github.com/panjf2000/ants/v2.(*Pool).goPurge
	/go/pkg/mod/github.com/panjf2000/ants/v2@v2.7.2/pool.go:147 +0xe5

goroutine 179 [select]:
runtime.gopark(0xc00011ef80?, 0x2?, 0x8b?, 0x63?, 0xc00011ef44?)
	/usr/local/go/src/runtime/proc.go:381 +0xd6 fp=0xc00011edc8 sp=0xc00011eda8 pc=0x1a9d256
runtime.selectgo(0xc00011ef80, 0xc00011ef40, 0xc0001ba0c0?, 0x0, 0x0?, 0x1)
	/usr/local/go/src/runtime/select.go:327 +0x7be fp=0xc00011ef08 sp=0xc00011edc8 pc=0x1aadd7e
github.com/panjf2000/ants/v2.(*Pool).ticktock(0xc000519400, {0x56e8cd0, 0xc00013e6e0})
	/go/pkg/mod/github.com/panjf2000/ants/v2@v2.7.2/pool.go:125 +0x145 fp=0xc00011efb8 sp=0xc00011ef08 pc=0x34b7805
github.com/panjf2000/ants/v2.(*Pool).goTicktock.func1()
	/go/pkg/mod/github.com/panjf2000/ants/v2@v2.7.2/pool.go:154 +0x2e fp=0xc00011efe0 sp=0xc00011efb8 pc=0x34b7c0e
runtime.goexit()
	/usr/local/go/src/runtime/asm_amd64.s:1598 +0x1 fp=0xc00011efe8 sp=0xc00011efe0 pc=0x1ad3b21
created by github.com/panjf2000/ants/v2.(*Pool).goTicktock
	/go/pkg/mod/github.com/panjf2000/ants/v2@v2.7.2/pool.go:154 +0x115

goroutine 203 [select, locked to thread]:
runtime.gopark(0xc00011f7a8?, 0x2?, 0xd2?, 0xd5?, 0xc00011f7a4?)
	/usr/local/go/src/runtime/proc.go:381 +0xd6 fp=0xc00011f618 sp=0xc00011f5f8 pc=0x1a9d256
runtime.selectgo(0xc00011f7a8, 0xc00011f7a0, 0x0?, 0x0, 0xc00011f701?, 0x1)
	/usr/local/go/src/runtime/select.go:327 +0x7be fp=0xc00011f758 sp=0xc00011f618 pc=0x1aadd7e
runtime.ensureSigM.func1()
	/usr/local/go/src/runtime/signal_unix.go:1004 +0x1b0 fp=0xc00011f7e0 sp=0xc00011f758 pc=0x1ac8f50
runtime.goexit()
	/usr/local/go/src/runtime/asm_amd64.s:1598 +0x1 fp=0xc00011f7e8 sp=0xc00011f7e0 pc=0x1ad3b21
created by runtime.ensureSigM
	/usr/local/go/src/runtime/signal_unix.go:987 +0xbd

goroutine 145 [syscall]:
runtime.notetsleepg(0x0?, 0x0?)
	/usr/local/go/src/runtime/lock_futex.go:236 +0x34 fp=0xc000567fa0 sp=0xc000567f68 pc=0x1a6b4f4
os/signal.signal_recv()
	/usr/local/go/src/runtime/sigqueue.go:152 +0x2f fp=0xc000567fc0 sp=0xc000567fa0 pc=0x1acf8cf
os/signal.loop()
	/usr/local/go/src/os/signal/signal_unix.go:23 +0x19 fp=0xc000567fe0 sp=0xc000567fc0 pc=0x1b9fc79
runtime.goexit()
	/usr/local/go/src/runtime/asm_amd64.s:1598 +0x1 fp=0xc000567fe8 sp=0xc000567fe0 pc=0x1ad3b21
created by os/signal.Notify.func1.1
	/usr/local/go/src/os/signal/signal.go:151 +0x2a

goroutine 206 [select]:
runtime.gopark(0xc00145df98?, 0x2?, 0x3?, 0x0?, 0xc00145df7c?)
	/usr/local/go/src/runtime/proc.go:381 +0xd6 fp=0xc00145de00 sp=0xc00145dde0 pc=0x1a9d256
runtime.selectgo(0xc00145df98, 0xc00145df78, 0xc0001bb080?, 0x0, 0x56c07c0?, 0x1)
	/usr/local/go/src/runtime/select.go:327 +0x7be fp=0xc00145df40 sp=0xc00145de00 pc=0x1aadd7e
google.golang.org/grpc.(*ccBalancerWrapper).watcher(0xc000f24c40)
	/go/pkg/mod/google.golang.org/grpc@v1.54.0/balancer_conn_wrappers.go:115 +0x73 fp=0xc00145dfc8 sp=0xc00145df40 pc=0x21a6cd3
google.golang.org/grpc.newCCBalancerWrapper.func1()
	/go/pkg/mod/google.golang.org/grpc@v1.54.0/balancer_conn_wrappers.go:76 +0x26 fp=0xc00145dfe0 sp=0xc00145dfc8 pc=0x21a6c26
runtime.goexit()
	/usr/local/go/src/runtime/asm_amd64.s:1598 +0x1 fp=0xc00145dfe8 sp=0xc00145dfe0 pc=0x1ad3b21
created by google.golang.org/grpc.newCCBalancerWrapper
	/go/pkg/mod/google.golang.org/grpc@v1.54.0/balancer_conn_wrappers.go:76 +0x22a

goroutine 232 [select]:
runtime.gopark(0xc00145bf38?, 0x3?, 0x32?, 0x5d?, 0xc00145befa?)
	/usr/local/go/src/runtime/proc.go:381 +0xd6 fp=0xc00145bd40 sp=0xc00145bd20 pc=0x1a9d256
runtime.selectgo(0xc00145bf38, 0xc00145bef4, 0x56c07c0?, 0x0, 0xc00153de90?, 0x1)
	/usr/local/go/src/runtime/select.go:327 +0x7be fp=0xc00145be80 sp=0xc00145bd40 pc=0x1aadd7e
google.golang.org/grpc.(*addrConn).resetTransport(0xc001458000)
	/go/pkg/mod/google.golang.org/grpc@v1.54.0/clientconn.go:1184 +0x3b8 fp=0xc00145bf78 sp=0xc00145be80 pc=0x21b03f8
google.golang.org/grpc.(*addrConn).connect(0xc001458000)
	/go/pkg/mod/google.golang.org/grpc@v1.54.0/clientconn.go:819 +0x185 fp=0xc00145bfc8 sp=0xc00145bf78 pc=0x21ae465
google.golang.org/grpc.(*acBalancerWrapper).Connect.func2()
	/go/pkg/mod/google.golang.org/grpc@v1.54.0/balancer_conn_wrappers.go:413 +0x26 fp=0xc00145bfe0 sp=0xc00145bfc8 pc=0x21a8846
runtime.goexit()
	/usr/local/go/src/runtime/asm_amd64.s:1598 +0x1 fp=0xc00145bfe8 sp=0xc00145bfe0 pc=0x1ad3b21
created by google.golang.org/grpc.(*acBalancerWrapper).Connect
	/go/pkg/mod/google.golang.org/grpc@v1.54.0/balancer_conn_wrappers.go:413 +0xbc

goroutine 62 [select]:
runtime.gopark(0xc000de3f38?, 0x3?, 0x20?, 0x0?, 0xc000de3efa?)
	/usr/local/go/src/runtime/proc.go:381 +0xd6 fp=0xc000de3d40 sp=0xc000de3d20 pc=0x1a9d256
runtime.selectgo(0xc000de3f38, 0xc000de3ef4, 0x56c07c0?, 0x0, 0xc0013421e0?, 0x1)
	/usr/local/go/src/runtime/select.go:327 +0x7be fp=0xc000de3e80 sp=0xc000de3d40 pc=0x1aadd7e
google.golang.org/grpc.(*addrConn).resetTransport(0xc0013b82c0)
	/go/pkg/mod/google.golang.org/grpc@v1.54.0/clientconn.go:1184 +0x3b8 fp=0xc000de3f78 sp=0xc000de3e80 pc=0x21b03f8
google.golang.org/grpc.(*addrConn).connect(0xc0013b82c0)
	/go/pkg/mod/google.golang.org/grpc@v1.54.0/clientconn.go:819 +0x185 fp=0xc000de3fc8 sp=0xc000de3f78 pc=0x21ae465
google.golang.org/grpc.(*acBalancerWrapper).Connect.func2()
	/go/pkg/mod/google.golang.org/grpc@v1.54.0/balancer_conn_wrappers.go:413 +0x26 fp=0xc000de3fe0 sp=0xc000de3fc8 pc=0x21a8846
runtime.goexit()
	/usr/local/go/src/runtime/asm_amd64.s:1598 +0x1 fp=0xc000de3fe8 sp=0xc000de3fe0 pc=0x1ad3b21
created by google.golang.org/grpc.(*acBalancerWrapper).Connect
	/go/pkg/mod/google.golang.org/grpc@v1.54.0/balancer_conn_wrappers.go:413 +0xbc

goroutine 218 [select]:
runtime.gopark(0xc0000dae78?, 0x2?, 0x78?, 0xfd?, 0xc0000dae34?)
	/usr/local/go/src/runtime/proc.go:381 +0xd6 fp=0xc0000dacb8 sp=0xc0000dac98 pc=0x1a9d256
runtime.selectgo(0xc0000dae78, 0xc0000dae30, 0xc001528300?, 0x0, 0x49403c0?, 0x1)
	/usr/local/go/src/runtime/select.go:327 +0x7be fp=0xc0000dadf8 sp=0xc0000dacb8 pc=0x1aadd7e
github.com/milvus-io/milvus/pkg/config.(*refresher).refreshPeriodically(0xc0003f5680, {0x511eb79, 0xa})
	/go/src/github.com/milvus-io/milvus/pkg/config/refresher.go:68 +0x1fd fp=0xc0000dafb8 sp=0xc0000dadf8 pc=0x27b5bfd
github.com/milvus-io/milvus/pkg/config.(*refresher).start.func1.1()
	/go/src/github.com/milvus-io/milvus/pkg/config/refresher.go:50 +0x2e fp=0xc0000dafe0 sp=0xc0000dafb8 pc=0x27b58ee
runtime.goexit()
	/usr/local/go/src/runtime/asm_amd64.s:1598 +0x1 fp=0xc0000dafe8 sp=0xc0000dafe0 pc=0x1ad3b21
created by github.com/milvus-io/milvus/pkg/config.(*refresher).start.func1
	/go/src/github.com/milvus-io/milvus/pkg/config/refresher.go:50 +0xae

goroutine 61 [select]:
runtime.gopark(0xc000537f98?, 0x2?, 0x3?, 0x0?, 0xc000537f7c?)
	/usr/local/go/src/runtime/proc.go:381 +0xd6 fp=0xc000537e00 sp=0xc000537de0 pc=0x1a9d256
runtime.selectgo(0xc000537f98, 0xc000537f78, 0xc001091368?, 0x0, 0x56c07c0?, 0x1)
	/usr/local/go/src/runtime/select.go:327 +0x7be fp=0xc000537f40 sp=0xc000537e00 pc=0x1aadd7e
google.golang.org/grpc.(*ccBalancerWrapper).watcher(0xc000444980)
	/go/pkg/mod/google.golang.org/grpc@v1.54.0/balancer_conn_wrappers.go:115 +0x73 fp=0xc000537fc8 sp=0xc000537f40 pc=0x21a6cd3
google.golang.org/grpc.newCCBalancerWrapper.func1()
	/go/pkg/mod/google.golang.org/grpc@v1.54.0/balancer_conn_wrappers.go:76 +0x26 fp=0xc000537fe0 sp=0xc000537fc8 pc=0x21a6c26
runtime.goexit()
	/usr/local/go/src/runtime/asm_amd64.s:1598 +0x1 fp=0xc000537fe8 sp=0xc000537fe0 pc=0x1ad3b21
created by google.golang.org/grpc.newCCBalancerWrapper
	/go/pkg/mod/google.golang.org/grpc@v1.54.0/balancer_conn_wrappers.go:76 +0x22a

goroutine 257 [chan receive]:
runtime.gopark(0xc001574de0?, 0x497e240?, 0x80?, 0x59?, 0xc00061dac8?)
	/usr/local/go/src/runtime/proc.go:381 +0xd6 fp=0xc00061da48 sp=0xc00061da28 pc=0x1a9d256
runtime.chanrecv(0xc0002fcc00, 0xc00061db18, 0x1)
	/usr/local/go/src/runtime/chan.go:583 +0x49d fp=0xc00061dad8 sp=0xc00061da48 pc=0x1a655fd
runtime.chanrecv1(0x0?, 0x569cb18?)
	/usr/local/go/src/runtime/chan.go:442 +0x18 fp=0xc00061db00 sp=0xc00061dad8 pc=0x1a650f8
github.com/milvus-io/milvus/internal/distributed/datacoord.(*Server).startGrpc(0xc00147a600)
	/go/src/github.com/milvus-io/milvus/internal/distributed/datacoord/service.go:138 +0xa5 fp=0xc00061db38 sp=0xc00061db00 pc=0x3e2a825
github.com/milvus-io/milvus/internal/distributed/datacoord.(*Server).init(0xc00147a600)
	/go/src/github.com/milvus-io/milvus/internal/distributed/datacoord/service.go:120 +0x53a fp=0xc00061de48 sp=0xc00061db38 pc=0x3e2a45a
github.com/milvus-io/milvus/internal/distributed/datacoord.(*Server).Run(0xc000e65170?)
	/go/src/github.com/milvus-io/milvus/internal/distributed/datacoord/service.go:253 +0x25 fp=0xc00061de88 sp=0xc00061de48 pc=0x3e2c025
github.com/milvus-io/milvus/cmd/components.(*DataCoord).Run(0xc0002fcba0?)
	/go/src/github.com/milvus-io/milvus/cmd/components/data_coord.go:52 +0x2f fp=0xc00061df58 sp=0xc00061de88 pc=0x464656f
github.com/milvus-io/milvus/cmd/roles.runComponent[...].func1()
	/go/src/github.com/milvus-io/milvus/cmd/roles/roles.go:115 +0x15a fp=0xc00061dfe0 sp=0xc00061df58 pc=0x464db9a
runtime.goexit()
	/usr/local/go/src/runtime/asm_amd64.s:1598 +0x1 fp=0xc00061dfe8 sp=0xc00061dfe0 pc=0x1ad3b21
created by github.com/milvus-io/milvus/cmd/roles.runComponent[...]
	/go/src/github.com/milvus-io/milvus/cmd/roles/roles.go:102 +0x158

goroutine 290 [select]:
runtime.gopark(0xc001461f98?, 0x2?, 0x3?, 0x0?, 0xc001461f7c?)
	/usr/local/go/src/runtime/proc.go:381 +0xd6 fp=0xc001461e00 sp=0xc001461de0 pc=0x1a9d256
runtime.selectgo(0xc001461f98, 0xc001461f78, 0xc000ea0660?, 0x0, 0x56c07c0?, 0x1)
	/usr/local/go/src/runtime/select.go:327 +0x7be fp=0xc001461f40 sp=0xc001461e00 pc=0x1aadd7e
google.golang.org/grpc.(*ccBalancerWrapper).watcher(0xc001528740)
	/go/pkg/mod/google.golang.org/grpc@v1.54.0/balancer_conn_wrappers.go:115 +0x73 fp=0xc001461fc8 sp=0xc001461f40 pc=0x21a6cd3
google.golang.org/grpc.newCCBalancerWrapper.func1()
	/go/pkg/mod/google.golang.org/grpc@v1.54.0/balancer_conn_wrappers.go:76 +0x26 fp=0xc001461fe0 sp=0xc001461fc8 pc=0x21a6c26
runtime.goexit()
	/usr/local/go/src/runtime/asm_amd64.s:1598 +0x1 fp=0xc001461fe8 sp=0xc001461fe0 pc=0x1ad3b21
created by google.golang.org/grpc.newCCBalancerWrapper
	/go/pkg/mod/google.golang.org/grpc@v1.54.0/balancer_conn_wrappers.go:76 +0x22a

goroutine 219 [IO wait]:
runtime.gopark(0x0?, 0x0?, 0x0?, 0x0?, 0x0?)
	/usr/local/go/src/runtime/proc.go:381 +0xd6 fp=0xc0000dbb18 sp=0xc0000dbaf8 pc=0x1a9d256
runtime.netpollblock(0x1510036de838?, 0x1a617af?, 0x0?)
	/usr/local/go/src/runtime/netpoll.go:527 +0xf7 fp=0xc0000dbb50 sp=0xc0000dbb18 pc=0x1a953b7
internal/poll.runtime_pollWait(0x151007768dc8, 0x72)
	/usr/local/go/src/runtime/netpoll.go:306 +0x89 fp=0xc0000dbb70 sp=0xc0000dbb50 pc=0x1acc929
internal/poll.(*pollDesc).wait(0xc00132a500?, 0xc0000dbc58?, 0x0)
	/usr/local/go/src/internal/poll/fd_poll_runtime.go:84 +0x32 fp=0xc0000dbb98 sp=0xc0000dbb70 pc=0x1b58df2
internal/poll.(*pollDesc).waitRead(...)
	/usr/local/go/src/internal/poll/fd_poll_runtime.go:89
internal/poll.(*FD).Accept(0xc00132a500)
	/usr/local/go/src/internal/poll/fd_unix.go:614 +0x2bd fp=0xc0000dbc40 sp=0xc0000dbb98 pc=0x1b5e87d
net.(*netFD).accept(0xc00132a500)
	/usr/local/go/src/net/fd_unix.go:172 +0x35 fp=0xc0000dbcf8 sp=0xc0000dbc40 pc=0x1d84b75
net.(*TCPListener).accept(0xc000ea0120)
	/usr/local/go/src/net/tcpsock_posix.go:148 +0x25 fp=0xc0000dbd20 sp=0xc0000dbcf8 pc=0x1da2f85
net.(*TCPListener).Accept(0xc000ea0120)
	/usr/local/go/src/net/tcpsock.go:297 +0x3d fp=0xc0000dbd50 sp=0xc0000dbd20 pc=0x1da1f1d
net/http.(*onceCloseListener).Accept(0x56e8d08?)
	<autogenerated>:1 +0x2a fp=0xc0000dbd68 sp=0xc0000dbd50 pc=0x1edca2a
net/http.(*Server).Serve(0xc000256a50, {0x56e4280, 0xc000ea0120})
	/usr/local/go/src/net/http/server.go:3059 +0x385 fp=0xc0000dbe98 sp=0xc0000dbd68 pc=0x1eb12a5
net/http.(*Server).ListenAndServe(0xc000256a50)
	/usr/local/go/src/net/http/server.go:2988 +0x7d fp=0xc0000dbec8 sp=0xc0000dbe98 pc=0x1eb0e1d
github.com/milvus-io/milvus/internal/http.ServeHTTP.func1()
	/go/src/github.com/milvus-io/milvus/internal/http/server.go:114 +0x1a5 fp=0xc0000dbfe0 sp=0xc0000dbec8 pc=0x41f4d65
runtime.goexit()
	/usr/local/go/src/runtime/asm_amd64.s:1598 +0x1 fp=0xc0000dbfe8 sp=0xc0000dbfe0 pc=0x1ad3b21
created by github.com/milvus-io/milvus/internal/http.ServeHTTP
	/go/src/github.com/milvus-io/milvus/internal/http/server.go:110 +0x25

goroutine 223 [chan receive]:
runtime.gopark(0x51357f7?, 0x11?, 0xb8?, 0x1b?, 0xc000621c00?)
	/usr/local/go/src/runtime/proc.go:381 +0xd6 fp=0xc000621b80 sp=0xc000621b60 pc=0x1a9d256
runtime.chanrecv(0xc0002490e0, 0xc000621c48, 0x1)
	/usr/local/go/src/runtime/chan.go:583 +0x49d fp=0xc000621c10 sp=0xc000621b80 pc=0x1a655fd
runtime.chanrecv1(0xc000621c58?, 0x28e7f1e?)
	/usr/local/go/src/runtime/chan.go:442 +0x18 fp=0xc000621c38 sp=0xc000621c10 pc=0x1a650f8
github.com/milvus-io/milvus/internal/distributed/rootcoord.(*Server).startGrpc(0xc000f14360, 0x4c4a)
	/go/src/github.com/milvus-io/milvus/internal/distributed/rootcoord/service.go:237 +0x98 fp=0xc000621c68 sp=0xc000621c38 pc=0x4643498
github.com/milvus-io/milvus/internal/distributed/rootcoord.(*Server).init(0xc000f14360)
	/go/src/github.com/milvus-io/milvus/internal/distributed/rootcoord/service.go:206 +0x598 fp=0xc000621e48 sp=0xc000621c68 pc=0x4643238
github.com/milvus-io/milvus/internal/distributed/rootcoord.(*Server).Run(0xc0014455c0?)
	/go/src/github.com/milvus-io/milvus/internal/distributed/rootcoord/service.go:158 +0x25 fp=0xc000621e88 sp=0xc000621e48 pc=0x4642c05
github.com/milvus-io/milvus/cmd/components.(*RootCoord).Run(0xc000248ea0?)
	/go/src/github.com/milvus-io/milvus/cmd/components/root_coord.go:54 +0x2f fp=0xc000621f58 sp=0xc000621e88 pc=0x4647e8f
github.com/milvus-io/milvus/cmd/roles.runComponent[...].func1()
	/go/src/github.com/milvus-io/milvus/cmd/roles/roles.go:115 +0x15a fp=0xc000621fe0 sp=0xc000621f58 pc=0x464db9a
runtime.goexit()
	/usr/local/go/src/runtime/asm_amd64.s:1598 +0x1 fp=0xc000621fe8 sp=0xc000621fe0 pc=0x1ad3b21
created by github.com/milvus-io/milvus/cmd/roles.runComponent[...]
	/go/src/github.com/milvus-io/milvus/cmd/roles/roles.go:102 +0x158

goroutine 224 [select]:
runtime.gopark(0xc000539f98?, 0x2?, 0x3?, 0x0?, 0xc000539f7c?)
	/usr/local/go/src/runtime/proc.go:381 +0xd6 fp=0xc000539e00 sp=0xc000539de0 pc=0x1a9d256
runtime.selectgo(0xc000539f98, 0xc000539f78, 0xc0001ba570?, 0x0, 0x56c07c0?, 0x1)
	/usr/local/go/src/runtime/select.go:327 +0x7be fp=0xc000539f40 sp=0xc000539e00 pc=0x1aadd7e
google.golang.org/grpc.(*ccBalancerWrapper).watcher(0xc0011b98c0)
	/go/pkg/mod/google.golang.org/grpc@v1.54.0/balancer_conn_wrappers.go:115 +0x73 fp=0xc000539fc8 sp=0xc000539f40 pc=0x21a6cd3
google.golang.org/grpc.newCCBalancerWrapper.func1()
	/go/pkg/mod/google.golang.org/grpc@v1.54.0/balancer_conn_wrappers.go:76 +0x26 fp=0xc000539fe0 sp=0xc000539fc8 pc=0x21a6c26
runtime.goexit()
	/usr/local/go/src/runtime/asm_amd64.s:1598 +0x1 fp=0xc000539fe8 sp=0xc000539fe0 pc=0x1ad3b21
created by google.golang.org/grpc.newCCBalancerWrapper
	/go/pkg/mod/google.golang.org/grpc@v1.54.0/balancer_conn_wrappers.go:76 +0x22a

goroutine 225 [select]:
runtime.gopark(0xc000535f38?, 0x3?, 0x30?, 0xa3?, 0xc000535efa?)
	/usr/local/go/src/runtime/proc.go:381 +0xd6 fp=0xc000535d40 sp=0xc000535d20 pc=0x1a9d256
runtime.selectgo(0xc000535f38, 0xc000535ef4, 0x56c07c0?, 0x0, 0xc000ea2330?, 0x1)
	/usr/local/go/src/runtime/select.go:327 +0x7be fp=0xc000535e80 sp=0xc000535d40 pc=0x1aadd7e
google.golang.org/grpc.(*addrConn).resetTransport(0xc0014582c0)
	/go/pkg/mod/google.golang.org/grpc@v1.54.0/clientconn.go:1184 +0x3b8 fp=0xc000535f78 sp=0xc000535e80 pc=0x21b03f8
google.golang.org/grpc.(*addrConn).connect(0xc0014582c0)
	/go/pkg/mod/google.golang.org/grpc@v1.54.0/clientconn.go:819 +0x185 fp=0xc000535fc8 sp=0xc000535f78 pc=0x21ae465
google.golang.org/grpc.(*acBalancerWrapper).Connect.func2()
	/go/pkg/mod/google.golang.org/grpc@v1.54.0/balancer_conn_wrappers.go:413 +0x26 fp=0xc000535fe0 sp=0xc000535fc8 pc=0x21a8846
runtime.goexit()
	/usr/local/go/src/runtime/asm_amd64.s:1598 +0x1 fp=0xc000535fe8 sp=0xc000535fe0 pc=0x1ad3b21
created by google.golang.org/grpc.(*acBalancerWrapper).Connect
	/go/pkg/mod/google.golang.org/grpc@v1.54.0/balancer_conn_wrappers.go:413 +0xbc

goroutine 288 [select]:
runtime.gopark(0xc001009f98?, 0x2?, 0x3?, 0x0?, 0xc001009f7c?)
	/usr/local/go/src/runtime/proc.go:381 +0xd6 fp=0xc001009e00 sp=0xc001009de0 pc=0x1a9d256
runtime.selectgo(0xc001009f98, 0xc001009f78, 0xc000f80678?, 0x0, 0x56c07c0?, 0x1)
	/usr/local/go/src/runtime/select.go:327 +0x7be fp=0xc001009f40 sp=0xc001009e00 pc=0x1aadd7e
google.golang.org/grpc.(*ccBalancerWrapper).watcher(0xc0012e2600)
	/go/pkg/mod/google.golang.org/grpc@v1.54.0/balancer_conn_wrappers.go:115 +0x73 fp=0xc001009fc8 sp=0xc001009f40 pc=0x21a6cd3
google.golang.org/grpc.newCCBalancerWrapper.func1()
	/go/pkg/mod/google.golang.org/grpc@v1.54.0/balancer_conn_wrappers.go:76 +0x26 fp=0xc001009fe0 sp=0xc001009fc8 pc=0x21a6c26
runtime.goexit()
	/usr/local/go/src/runtime/asm_amd64.s:1598 +0x1 fp=0xc001009fe8 sp=0xc001009fe0 pc=0x1ad3b21
created by google.golang.org/grpc.newCCBalancerWrapper
	/go/pkg/mod/google.golang.org/grpc@v1.54.0/balancer_conn_wrappers.go:76 +0x22a

goroutine 259 [IO wait]:
runtime.gopark(0x0?, 0x0?, 0x0?, 0x0?, 0x0?)
	/usr/local/go/src/runtime/proc.go:381 +0xd6 fp=0xc00053b980 sp=0xc00053b960 pc=0x1a9d256
runtime.netpollblock(0xc00053b9f0?, 0x1a617af?, 0x0?)
	/usr/local/go/src/runtime/netpoll.go:527 +0xf7 fp=0xc00053b9b8 sp=0xc00053b980 pc=0x1a953b7
internal/poll.runtime_pollWait(0x151007768cd8, 0x72)
	/usr/local/go/src/runtime/netpoll.go:306 +0x89 fp=0xc00053b9d8 sp=0xc00053b9b8 pc=0x1acc929
internal/poll.(*pollDesc).wait(0xc0004f5500?, 0xc0015e1300?, 0x0)
	/usr/local/go/src/internal/poll/fd_poll_runtime.go:84 +0x32 fp=0xc00053ba00 sp=0xc00053b9d8 pc=0x1b58df2
internal/poll.(*pollDesc).waitRead(...)
	/usr/local/go/src/internal/poll/fd_poll_runtime.go:89
internal/poll.(*FD).Accept(0xc0004f5500)
	/usr/local/go/src/internal/poll/fd_unix.go:614 +0x2bd fp=0xc00053baa8 sp=0xc00053ba00 pc=0x1b5e87d
net.(*netFD).accept(0xc0004f5500)
	/usr/local/go/src/net/fd_unix.go:172 +0x35 fp=0xc00053bb60 sp=0xc00053baa8 pc=0x1d84b75
net.(*TCPListener).accept(0xc0001ba5a0)
	/usr/local/go/src/net/tcpsock_posix.go:148 +0x25 fp=0xc00053bb88 sp=0xc00053bb60 pc=0x1da2f85
net.(*TCPListener).Accept(0xc0001ba5a0)
	/usr/local/go/src/net/tcpsock.go:297 +0x3d fp=0xc00053bbb8 sp=0xc00053bb88 pc=0x1da1f1d
google.golang.org/grpc.(*Server).Serve(0xc001542f00, {0x56e4280?, 0xc0001ba5a0})
	/go/pkg/mod/google.golang.org/grpc@v1.54.0/server.go:824 +0x475 fp=0xc00053bd00 sp=0xc00053bbb8 pc=0x21bbf35
github.com/milvus-io/milvus/internal/distributed/rootcoord.(*Server).startGrpcLoop(0xc000f14360, 0x4c4a)
	/go/src/github.com/milvus-io/milvus/internal/distributed/rootcoord/service.go:295 +0x9eb fp=0xc00053bfc0 sp=0xc00053bd00 pc=0x4643f2b
github.com/milvus-io/milvus/internal/distributed/rootcoord.(*Server).startGrpc.func1()
	/go/src/github.com/milvus-io/milvus/internal/distributed/rootcoord/service.go:235 +0x2a fp=0xc00053bfe0 sp=0xc00053bfc0 pc=0x464350a
runtime.goexit()
	/usr/local/go/src/runtime/asm_amd64.s:1598 +0x1 fp=0xc00053bfe8 sp=0xc00053bfe0 pc=0x1ad3b21
created by github.com/milvus-io/milvus/internal/distributed/rootcoord.(*Server).startGrpc
	/go/src/github.com/milvus-io/milvus/internal/distributed/rootcoord/service.go:235 +0x7f

goroutine 260 [select]:
runtime.gopark(0xc000112f80?, 0x2?, 0xa?, 0xca?, 0xc000112f5c?)
	/usr/local/go/src/runtime/proc.go:381 +0xd6 fp=0xc000112de0 sp=0xc000112dc0 pc=0x1a9d256
runtime.selectgo(0xc000112f80, 0xc000112f58, 0x0?, 0x0, 0x0?, 0x1)
	/usr/local/go/src/runtime/select.go:327 +0x7be fp=0xc000112f20 sp=0xc000112de0 pc=0x1aadd7e
github.com/milvus-io/milvus/pkg/util/funcutil.CheckGrpcReady({0x56e8cd0, 0xc001098aa0}, 0x4c4a?)
	/go/src/github.com/milvus-io/milvus/pkg/util/funcutil/func.go:46 +0xdb fp=0xc000112fb8 sp=0xc000112f20 pc=0x27bbafb
github.com/milvus-io/milvus/internal/distributed/rootcoord.(*Server).startGrpcLoop.func9()
	/go/src/github.com/milvus-io/milvus/internal/distributed/rootcoord/service.go:294 +0x2e fp=0xc000112fe0 sp=0xc000112fb8 pc=0x464400e
runtime.goexit()
	/usr/local/go/src/runtime/asm_amd64.s:1598 +0x1 fp=0xc000112fe8 sp=0xc000112fe0 pc=0x1ad3b21
created by github.com/milvus-io/milvus/internal/distributed/rootcoord.(*Server).startGrpcLoop
	/go/src/github.com/milvus-io/milvus/internal/distributed/rootcoord/service.go:294 +0x9ca

goroutine 291 [select]:
runtime.gopark(0xc000de7f38?, 0x3?, 0x38?, 0x5d?, 0xc000de7efa?)
	/usr/local/go/src/runtime/proc.go:381 +0xd6 fp=0xc000de7d40 sp=0xc000de7d20 pc=0x1a9d256
runtime.selectgo(0xc000de7f38, 0xc000de7ef4, 0x56c07c0?, 0x0, 0xc001314000?, 0x1)
	/usr/local/go/src/runtime/select.go:327 +0x7be fp=0xc000de7e80 sp=0xc000de7d40 pc=0x1aadd7e
google.golang.org/grpc.(*addrConn).resetTransport(0xc000dfe000)
	/go/pkg/mod/google.golang.org/grpc@v1.54.0/clientconn.go:1184 +0x3b8 fp=0xc000de7f78 sp=0xc000de7e80 pc=0x21b03f8
google.golang.org/grpc.(*addrConn).connect(0xc000dfe000)
	/go/pkg/mod/google.golang.org/grpc@v1.54.0/clientconn.go:819 +0x185 fp=0xc000de7fc8 sp=0xc000de7f78 pc=0x21ae465
google.golang.org/grpc.(*acBalancerWrapper).Connect.func2()
	/go/pkg/mod/google.golang.org/grpc@v1.54.0/balancer_conn_wrappers.go:413 +0x26 fp=0xc000de7fe0 sp=0xc000de7fc8 pc=0x21a8846
runtime.goexit()
	/usr/local/go/src/runtime/asm_amd64.s:1598 +0x1 fp=0xc000de7fe8 sp=0xc000de7fe0 pc=0x1ad3b21
created by google.golang.org/grpc.(*acBalancerWrapper).Connect
	/go/pkg/mod/google.golang.org/grpc@v1.54.0/balancer_conn_wrappers.go:413 +0xbc

goroutine 287 [chan receive]:
runtime.gopark(0xc0015da790?, 0x604a977?, 0x49?, 0x0?, 0xc0005fbae8?)
	/usr/local/go/src/runtime/proc.go:381 +0xd6 fp=0xc0005fba68 sp=0xc0005fba48 pc=0x1a9d256
runtime.chanrecv(0xc00069c180, 0xc0005fbc18, 0x1)
	/usr/local/go/src/runtime/chan.go:583 +0x49d fp=0xc0005fbaf8 sp=0xc0005fba68 pc=0x1a655fd
runtime.chanrecv1(0x5197f39?, 0xc0015da760?)
	/usr/local/go/src/runtime/chan.go:442 +0x18 fp=0xc0005fbb20 sp=0xc0005fbaf8 pc=0x1a650f8
github.com/milvus-io/milvus/internal/distributed/querynode.(*Server).init(0xc0002fea80)
	/go/src/github.com/milvus-io/milvus/internal/distributed/querynode/service.go:121 +0x6e7 fp=0xc0005fbe48 sp=0xc0005fbb20 pc=0x45a0a67
github.com/milvus-io/milvus/internal/distributed/querynode.(*Server).Run(0xc0004c3530?)
	/go/src/github.com/milvus-io/milvus/internal/distributed/querynode/service.go:223 +0x25 fp=0xc0005fbe88 sp=0xc0005fbe48 pc=0x45a20c5
github.com/milvus-io/milvus/cmd/components.(*QueryNode).Run(0xc00069c0c0?)
	/go/src/github.com/milvus-io/milvus/cmd/components/query_node.go:55 +0x2f fp=0xc0005fbf58 sp=0xc0005fbe88 pc=0x4647a8f
github.com/milvus-io/milvus/cmd/roles.runComponent[...].func1()
	/go/src/github.com/milvus-io/milvus/cmd/roles/roles.go:115 +0x15a fp=0xc0005fbfe0 sp=0xc0005fbf58 pc=0x464db9a
runtime.goexit()
	/usr/local/go/src/runtime/asm_amd64.s:1598 +0x1 fp=0xc0005fbfe8 sp=0xc0005fbfe0 pc=0x1ad3b21
created by github.com/milvus-io/milvus/cmd/roles.runComponent[...]
	/go/src/github.com/milvus-io/milvus/cmd/roles/roles.go:102 +0x158

goroutine 293 [runnable]:
go.uber.org/zap/zapcore.(*CheckedEntry).Write(0xc001330000, {0xc001528940, 0x1, 0x1})
	/go/pkg/mod/go.uber.org/zap@v1.20.0/zapcore/entry.go:200 +0x471 fp=0xc000773c78 sp=0xc000773c70 pc=0x1c98071
go.uber.org/zap.(*Logger).Debug(0xc000582c00?, {0x5125aa8?, 0x0?}, {0xc001528940, 0x1, 0x1})
	/go/pkg/mod/go.uber.org/zap@v1.20.0/logger.go:184 +0x59 fp=0xc000773ca8 sp=0xc000773c78 pc=0x1ee86b9
github.com/milvus-io/milvus/pkg/log.Debug({0x5125aa8?, 0x0?}, {0xc001528940?, 0xc00011ae08?, 0x1b77a87?})
	/go/src/github.com/milvus-io/milvus/pkg/log/global.go:30 +0x8b fp=0xc000773cf8 sp=0xc000773ca8 pc=0x207d20b
github.com/milvus-io/milvus/internal/distributed/datacoord.(*Server).startGrpcLoop(0xc00147a600, 0x4c4a)
	/go/src/github.com/milvus-io/milvus/internal/distributed/datacoord/service.go:147 +0x177 fp=0xc000773fc0 sp=0xc000773cf8 pc=0x3e2aa37
github.com/milvus-io/milvus/internal/distributed/datacoord.(*Server).startGrpc.func1()
	/go/src/github.com/milvus-io/milvus/internal/distributed/datacoord/service.go:136 +0x2a fp=0xc000773fe0 sp=0xc000773fc0 pc=0x3e2a88a
runtime.goexit()
	/usr/local/go/src/runtime/asm_amd64.s:1598 +0x1 fp=0xc000773fe8 sp=0xc000773fe0 pc=0x1ad3b21
created by github.com/milvus-io/milvus/internal/distributed/datacoord.(*Server).startGrpc
	/go/src/github.com/milvus-io/milvus/internal/distributed/datacoord/service.go:136 +0x89

goroutine 352 [runnable]:
runtime.pcdatavalue1({0x731bf98?, 0x7514880?}, 0x2?, 0x4075395?, 0x0?, 0x0?)
	/usr/local/go/src/runtime/symtab.go:1113 +0x76 fp=0xc000de9230 sp=0xc000de9228 pc=0x1abaef6
runtime.(*Frames).Next(0xc000e24000)
	/usr/local/go/src/runtime/symtab.go:125 +0x2e8 fp=0xc000de9350 sp=0xc000de9230 pc=0x1ab86a8
go.uber.org/zap.getCallerFrame(0x3)
	/go/pkg/mod/go.uber.org/zap@v1.20.0/logger.go:346 +0x138 fp=0xc000de9420 sp=0xc000de9350 pc=0x1ee9678
go.uber.org/zap.(*Logger).check(0xc0000fa660, 0x1, {0x51a6268, 0x29})
	/go/pkg/mod/go.uber.org/zap@v1.20.0/logger.go:311 +0x4e5 fp=0xc000de9848 sp=0xc000de9420 pc=0x1ee9185
go.uber.org/zap.(*Logger).Warn(0xc000180000?, {0x51a6268?, 0x0?}, {0xc000dec200, 0x1, 0x1})
	/go/pkg/mod/go.uber.org/zap@v1.20.0/logger.go:199 +0x3e fp=0xc000de9878 sp=0xc000de9848 pc=0x1ee881e
github.com/milvus-io/milvus/pkg/log.Warn({0x51a6268?, 0xc001446d60?}, {0xc000dec200?, 0xc0005901c0?, 0x5?})
	/go/src/github.com/milvus-io/milvus/pkg/log/global.go:42 +0x8b fp=0xc000de98c8 sp=0xc000de9878 pc=0x207d40b
github.com/milvus-io/milvus/internal/distributed/datanode.(*Server).init(0xc0004b8320)
	/go/src/github.com/milvus-io/milvus/internal/distributed/datanode/service.go:232 +0x1b6 fp=0xc000de9e48 sp=0xc000de98c8 pc=0x4075396
github.com/milvus-io/milvus/internal/distributed/datanode.(*Server).Run(0xc00013cc60?)
	/go/src/github.com/milvus-io/milvus/internal/distributed/datanode/service.go:187 +0x25 fp=0xc000de9e88 sp=0xc000de9e48 pc=0x4074be5
github.com/milvus-io/milvus/cmd/components.(*DataNode).Run(0xc00018ea20?)
	/go/src/github.com/milvus-io/milvus/cmd/components/data_node.go:55 +0x2f fp=0xc000de9f58 sp=0xc000de9e88 pc=0x464696f
github.com/milvus-io/milvus/cmd/roles.runComponent[...].func1()
	/go/src/github.com/milvus-io/milvus/cmd/roles/roles.go:115 +0x15a fp=0xc000de9fe0 sp=0xc000de9f58 pc=0x464db9a
runtime.goexit()
	/usr/local/go/src/runtime/asm_amd64.s:1598 +0x1 fp=0xc000de9fe8 sp=0xc000de9fe0 pc=0x1ad3b21
created by github.com/milvus-io/milvus/cmd/roles.runComponent[...]
	/go/src/github.com/milvus-io/milvus/cmd/roles/roles.go:102 +0x158

goroutine 289 [select]:
runtime.gopark(0xc001005f38?, 0x3?, 0x23?, 0x31?, 0xc001005efa?)
	/usr/local/go/src/runtime/proc.go:381 +0xd6 fp=0xc001005d40 sp=0xc001005d20 pc=0x1a9d256
runtime.selectgo(0xc001005f38, 0xc001005ef4, 0x56c07c0?, 0x0, 0xc00150c000?, 0x1)
	/usr/local/go/src/runtime/select.go:327 +0x7be fp=0xc001005e80 sp=0xc001005d40 pc=0x1aadd7e
google.golang.org/grpc.(*addrConn).resetTransport(0xc000316dc0)
	/go/pkg/mod/google.golang.org/grpc@v1.54.0/clientconn.go:1184 +0x3b8 fp=0xc001005f78 sp=0xc001005e80 pc=0x21b03f8
google.golang.org/grpc.(*addrConn).connect(0xc000316dc0)
	/go/pkg/mod/google.golang.org/grpc@v1.54.0/clientconn.go:819 +0x185 fp=0xc001005fc8 sp=0xc001005f78 pc=0x21ae465
google.golang.org/grpc.(*acBalancerWrapper).Connect.func2()
	/go/pkg/mod/google.golang.org/grpc@v1.54.0/balancer_conn_wrappers.go:413 +0x26 fp=0xc001005fe0 sp=0xc001005fc8 pc=0x21a8846
runtime.goexit()
	/usr/local/go/src/runtime/asm_amd64.s:1598 +0x1 fp=0xc001005fe8 sp=0xc001005fe0 pc=0x1ad3b21
created by google.golang.org/grpc.(*acBalancerWrapper).Connect
	/go/pkg/mod/google.golang.org/grpc@v1.54.0/balancer_conn_wrappers.go:413 +0xbc

goroutine 371 [runnable]:
github.com/milvus-io/milvus/pkg/util/funcutil.CheckCtxValid({0x56e8cd0, 0xc00068a6e0})
	/go/src/github.com/milvus-io/milvus/pkg/util/funcutil/func.go:142 +0x9a fp=0xc00076db58 sp=0xc00076db50 pc=0x27bc5fa
github.com/milvus-io/milvus/pkg/util/retry.Do({0x56e8cd0, 0xc00068a6e0}, 0xc00076de90, {0xc00076ddd0, 0x1, 0x0?})
	/go/src/github.com/milvus-io/milvus/pkg/util/retry/retry.go:30 +0x56 fp=0xc00076dd00 sp=0xc00076db58 pc=0x2a75a16
github.com/milvus-io/milvus/internal/distributed/querynode.(*Server).startGrpcLoop(0xc0002fea80, 0x9a55)
	/go/src/github.com/milvus-io/milvus/internal/distributed/querynode/service.go:164 +0x19b fp=0xc00076dfc0 sp=0xc00076dd00 pc=0x45a12bb
github.com/milvus-io/milvus/internal/distributed/querynode.(*Server).init.func1()
	/go/src/github.com/milvus-io/milvus/internal/distributed/querynode/service.go:119 +0x2a fp=0xc00076dfe0 sp=0xc00076dfc0 pc=0x45a0dca
runtime.goexit()
	/usr/local/go/src/runtime/asm_amd64.s:1598 +0x1 fp=0xc00076dfe8 sp=0xc00076dfe0 pc=0x1ad3b21
created by github.com/milvus-io/milvus/internal/distributed/querynode.(*Server).init
	/go/src/github.com/milvus-io/milvus/internal/distributed/querynode/service.go:119 +0x6c5

goroutine 407 [runnable]:
runtime.pcdatavalue1({0x7323ff8?, 0x7514880?}, 0x2?, 0x4094b44?, 0x0?, 0x0?)
	/usr/local/go/src/runtime/symtab.go:1113 +0x76 fp=0xc000fab788 sp=0xc000fab780 pc=0x1abaef6
runtime.(*Frames).Next(0xc000ff8000)
	/usr/local/go/src/runtime/symtab.go:125 +0x2e8 fp=0xc000fab8a8 sp=0xc000fab788 pc=0x1ab86a8
go.uber.org/zap.getCallerFrame(0x3)
	/go/pkg/mod/go.uber.org/zap@v1.20.0/logger.go:346 +0x138 fp=0xc000fab978 sp=0xc000fab8a8 pc=0x1ee9678
go.uber.org/zap.(*Logger).check(0xc0000fa660, 0xff, {0x5133f32, 0x11})
	/go/pkg/mod/go.uber.org/zap@v1.20.0/logger.go:311 +0x4e5 fp=0xc000fabda0 sp=0xc000fab978 pc=0x1ee9185
go.uber.org/zap.(*Logger).Debug(0xc000f142c8?, {0x5133f32?, 0xc000248f00?}, {0x0, 0x0, 0x0})
	/go/pkg/mod/go.uber.org/zap@v1.20.0/logger.go:183 +0x3e fp=0xc000fabdd0 sp=0xc000fabda0 pc=0x1ee869e
github.com/milvus-io/milvus/pkg/log.Debug({0x5133f32?, 0x4c20d80?}, {0x0?, 0x1510026c26c8?, 0x151009ceb878?})
	/go/src/github.com/milvus-io/milvus/pkg/log/global.go:30 +0x8b fp=0xc000fabe20 sp=0xc000fabdd0 pc=0x207d20b
github.com/milvus-io/milvus/internal/indexnode.NewIndexNode({0x56e8cd0, 0xc000fb4960}, {0x56efc20?, 0xc001343290})
	/go/src/github.com/milvus-io/milvus/internal/indexnode/indexnode.go:115 +0x65 fp=0xc000fabec8 sp=0xc000fabe20 pc=0x4094b45
github.com/milvus-io/milvus/internal/distributed/indexnode.NewServer({0x56e8cd0?, 0xc000f16960?}, {0x56efc20, 0xc001343290})
	/go/src/github.com/milvus-io/milvus/internal/distributed/indexnode/service.go:288 +0x4f fp=0xc000fabf20 sp=0xc000fabec8 pc=0x409af2f
github.com/milvus-io/milvus/cmd/components.NewIndexNode({0x56e8cd0, 0xc000f16960}, {0x56efc20, 0xc001343290})
	/go/src/github.com/milvus-io/milvus/cmd/components/index_node.go:43 +0x56 fp=0xc000fabf58 sp=0xc000fabf20 pc=0x4646dd6
github.com/milvus-io/milvus/cmd/roles.runComponent[...].func1()
	/go/src/github.com/milvus-io/milvus/cmd/roles/roles.go:105 +0x94 fp=0xc000fabfe0 sp=0xc000fabf58 pc=0x464dad4
runtime.goexit()
	/usr/local/go/src/runtime/asm_amd64.s:1598 +0x1 fp=0xc000fabfe8 sp=0xc000fabfe0 pc=0x1ad3b21
created by github.com/milvus-io/milvus/cmd/roles.runComponent[...]
	/go/src/github.com/milvus-io/milvus/cmd/roles/roles.go:102 +0x158
